// Jest Snapshot v1, https://goo.gl/fbAQLP

exports[`SideNavFilter renders the All / Starred / Bookmark / Trash buttons 1`] = `
<div
  className="menu"
>
  <button
    className="menu-button--active"
    data-jump-hint={1}
    onClick={[MockFunction]}
    onKeyDown={[Function]}
  >
    <div
      className="iconWrap"
    >
      <img
        src="../resources/icon/icon-all-active.svg"
      />
    </div>
    <span
      className="menu-button-label"
    >
      All Notes
    </span>
    <span
      className="counters"
    >
      10
    </span>
  </button>
  <button
    className="menu-button"
    data-jump-hint={2}
    onClick={[MockFunction]}
    onKeyDown={[Function]}
  >
    <div
      className="iconWrap"
    >
      <img
        src="../resources/icon/icon-star-sidenav.svg"
      />
    </div>
    <span
      className="menu-button-label"
    >
      Starred
    </span>
    <span
      className="counters"
    >
      3
    </span>
  </button>
  <button
    className="menu-button"
    data-jump-hint={3}
    onClick={[MockFunction]}
    onKeyDown={[Function]}
  >
    <div
      className="iconWrap"
    >
      <i
        className="fa fa-bookmark menu-button-icon-font"
      />
    </div>
    <span
      className="menu-button-label"
    >
      Bookmark
    </span>
    <span
      className="counters"
    >
      4
    </span>
  </button>
  <button
    className="menu-button"
    data-jump-hint={4}
    onClick={[MockFunction]}
    onContextMenu={[MockFunction]}
    onKeyDown={[Function]}
  >
    <div
      className="iconWrap"
    >
      <img
        src="../resources/icon/icon-trash-sidenav.svg"
      />
    </div>
    <span
      className="menu-button-label"
    >
      Trash
    </span>
    <span
      className="counters"
    >
      2
    </span>
  </button>
</div>
`;
